[10044:15324:1009/102522.728:WARNING:kernel_parameter_setter.cc(150)] [KernelParameterSetter] NotifyDoublePinyinSchemeChanged failed, scheme=Sogou status=1
[10044:15324:1009/102522.728:WARNING:t_skinfilemap.cpp(63)] SGRenderLog:CheckUpdate newMem.OpenMem Suc, szNewMem:Local\sgime_skin.v8.filemap.sogouime
[10044:15324:1009/102522.728:WARNING:t_skinfilemap.cpp(65)] SGRenderLog:CheckUpdate finish: old version:1
[10044:15324:1009/102522.729:WARNING:t_skinfilemap.cpp(67)] SGRenderLog:CheckUpdate finish: new version:8
[10044:15140:1009/102522.881:WARNING:n_flashIPCUtil.cpp(124)] n_flashIPCUtil::IPCNSync t_flashStubImpl::CreateControl
[10044:15324:1009/102522.884:WARNING:kernel_parameter_setter.cc(150)] [KernelParameterSetter] NotifyDoublePinyinSchemeChanged failed, scheme=Sogou status=1
[10044:15324:1009/102526.876:WARNING:t_skinfilemap.cpp(63)] SGRenderLog:CheckUpdate newMem.OpenMem Suc, szNewMem:Local\sgime_skin_flash2553.v11.filemap.sogouime
[10044:15324:1009/102526.876:WARNING:t_skinfilemap.cpp(65)] SGRenderLog:CheckUpdate finish: old version:1
[10044:15324:1009/102526.876:WARNING:t_skinfilemap.cpp(67)] SGRenderLog:CheckUpdate finish: new version:11
[10044:15324:1009/102526.876:WARNING:t_skinfilemap.cpp(63)] SGRenderLog:CheckUpdate newMem.OpenMem Suc, szNewMem:Local\sgime_skin_flash2553.v11.filemap.sogouime
[10044:15324:1009/102526.876:WARNING:t_skinfilemap.cpp(65)] SGRenderLog:CheckUpdate finish: old version:11
[10044:15324:1009/102526.876:WARNING:t_skinfilemap.cpp(67)] SGRenderLog:CheckUpdate finish: new version:11
[10044:15324:1009/102538.173:WARNING:t_skinfilemap.cpp(63)] SGRenderLog:CheckUpdate newMem.OpenMem Suc, szNewMem:Local\sgime_skin_flash2553.v12.filemap.sogouime
[10044:15324:1009/102538.173:WARNING:t_skinfilemap.cpp(65)] SGRenderLog:CheckUpdate finish: old version:11
[10044:15324:1009/102538.173:WARNING:t_skinfilemap.cpp(67)] SGRenderLog:CheckUpdate finish: new version:12
[10044:15324:1009/102538.173:WARNING:t_skinfilemap.cpp(63)] SGRenderLog:CheckUpdate newMem.OpenMem Suc, szNewMem:Local\sgime_skin_flash2553.v12.filemap.sogouime
[10044:15324:1009/102538.173:WARNING:t_skinfilemap.cpp(65)] SGRenderLog:CheckUpdate finish: old version:12
[10044:15324:1009/102538.173:WARNING:t_skinfilemap.cpp(67)] SGRenderLog:CheckUpdate finish: new version:12
[10044:15324:1009/102540.415:WARNING:kernel_parameter_setter.cc(150)] [KernelParameterSetter] NotifyDoublePinyinSchemeChanged failed, scheme=Sogou status=1
[10044:15324:1009/102540.416:WARNING:t_skinfilemap.cpp(56)] SGRenderLog:CheckUpdate newMem.OpenMem failed, szNewMem:Local\sgime_skin.v9.filemap.sogouime err:系统错误2: 系统找不到指定的文件。  
打开Filemap失败: Local\sgime_skin.v9.filemap.sogouime4912115bad7
[10044:15324:1009/102540.416:WARNING:t_skinfilemap.cpp(65)] SGRenderLog:CheckUpdate finish: old version:8
[10044:15324:1009/102540.416:WARNING:t_skinfilemap.cpp(67)] SGRenderLog:CheckUpdate finish: new version:9
[10044:15140:1009/102540.785:WARNING:n_flashIPCUtil.cpp(124)] n_flashIPCUtil::IPCNSync t_flashStubImpl::CreateControl
[2768:10052:1009/102642.187:WARNING:kernel_parameter_setter.cc(150)] [KernelParameterSetter] NotifyDoublePinyinSchemeChanged failed, scheme=Sogou status=1
[2768:10052:1009/102642.187:WARNING:t_skinfilemap.cpp(63)] SGRenderLog:CheckUpdate newMem.OpenMem Suc, szNewMem:Local\sgime_skin.v9.filemap.sogouime
[2768:10052:1009/102642.187:WARNING:t_skinfilemap.cpp(65)] SGRenderLog:CheckUpdate finish: old version:1
[2768:10052:1009/102642.187:WARNING:t_skinfilemap.cpp(67)] SGRenderLog:CheckUpdate finish: new version:9
[2768:2720:1009/102642.347:WARNING:n_flashIPCUtil.cpp(124)] n_flashIPCUtil::IPCNSync t_flashStubImpl::CreateControl
[2768:10052:1009/102642.348:WARNING:t_skinfilemap.cpp(63)] SGRenderLog:CheckUpdate newMem.OpenMem Suc, szNewMem:Local\sgime_skin_flash2553.v12.filemap.sogouime
[2768:10052:1009/102642.348:WARNING:t_skinfilemap.cpp(65)] SGRenderLog:CheckUpdate finish: old version:1
[2768:10052:1009/102642.349:WARNING:t_skinfilemap.cpp(67)] SGRenderLog:CheckUpdate finish: new version:12
[2768:10052:1009/102642.349:WARNING:t_skinfilemap.cpp(63)] SGRenderLog:CheckUpdate newMem.OpenMem Suc, szNewMem:Local\sgime_skin_flash2553.v12.filemap.sogouime
[2768:10052:1009/102642.349:WARNING:t_skinfilemap.cpp(65)] SGRenderLog:CheckUpdate finish: old version:12
[2768:10052:1009/102642.349:WARNING:t_skinfilemap.cpp(67)] SGRenderLog:CheckUpdate finish: new version:12
[2768:10052:1009/102758.068:WARNING:kernel_parameter_setter.cc(150)] [KernelParameterSetter] NotifyDoublePinyinSchemeChanged failed, scheme=Sogou status=1
[2768:10052:1009/102801.077:WARNING:kernel_parameter_setter.cc(150)] [KernelParameterSetter] NotifyDoublePinyinSchemeChanged failed, scheme=Sogou status=1
[2768:10052:1009/102801.170:WARNING:kernel_parameter_setter.cc(150)] [KernelParameterSetter] NotifyDoublePinyinSchemeChanged failed, scheme=Sogou status=1
[2768:10052:1009/102801.179:WARNING:kernel_parameter_setter.cc(150)] [KernelParameterSetter] NotifyDoublePinyinSchemeChanged failed, scheme=Sogou status=1
[2768:10052:1009/102806.451:WARNING:kernel_parameter_setter.cc(150)] [KernelParameterSetter] NotifyDoublePinyinSchemeChanged failed, scheme=Sogou status=1
[2768:10052:1009/102811.168:WARNING:kernel_parameter_setter.cc(150)] [KernelParameterSetter] NotifyDoublePinyinSchemeChanged failed, scheme=Sogou status=1
[10756:7148:1009/133743.505:WARNING:kernel_parameter_setter.cc(150)] [KernelParameterSetter] NotifyDoublePinyinSchemeChanged failed, scheme=Sogou status=1
[10756:7148:1009/133743.505:WARNING:t_skinfilemap.cpp(56)] SGRenderLog:CheckUpdate newMem.OpenMem failed, szNewMem:Local\sgime_skin.v9.filemap.sogouime err:系统错误2: 系统找不到指定的文件。  
打开Filemap失败: Local\sgime_skin.v9.filemap.sogouime4912115bad7
[10756:7148:1009/133743.505:WARNING:t_skinfilemap.cpp(65)] SGRenderLog:CheckUpdate finish: old version:1
[10756:7148:1009/133743.505:WARNING:t_skinfilemap.cpp(67)] SGRenderLog:CheckUpdate finish: new version:9
[10756:12596:1009/133743.931:WARNING:n_flashIPCUtil.cpp(124)] n_flashIPCUtil::IPCNSync t_flashStubImpl::CreateControl
[10756:7148:1009/133743.933:WARNING:kernel_parameter_setter.cc(150)] [KernelParameterSetter] NotifyDoublePinyinSchemeChanged failed, scheme=Sogou status=1
[10756:7148:1009/133744.206:WARNING:t_skinfilemap.cpp(63)] SGRenderLog:CheckUpdate newMem.OpenMem Suc, szNewMem:Local\sgime_skin_flash2553.v12.filemap.sogouime
[10756:7148:1009/133744.206:WARNING:t_skinfilemap.cpp(65)] SGRenderLog:CheckUpdate finish: old version:1
[10756:7148:1009/133744.206:WARNING:t_skinfilemap.cpp(67)] SGRenderLog:CheckUpdate finish: new version:12
[10756:7148:1009/133744.206:WARNING:t_skinfilemap.cpp(63)] SGRenderLog:CheckUpdate newMem.OpenMem Suc, szNewMem:Local\sgime_skin_flash2553.v12.filemap.sogouime
[10756:7148:1009/133744.206:WARNING:t_skinfilemap.cpp(65)] SGRenderLog:CheckUpdate finish: old version:12
[10756:7148:1009/133744.206:WARNING:t_skinfilemap.cpp(67)] SGRenderLog:CheckUpdate finish: new version:12
[10756:7148:1009/133745.872:WARNING:kernel_parameter_setter.cc(150)] [KernelParameterSetter] NotifyDoublePinyinSchemeChanged failed, scheme=Sogou status=1
[18140:18328:1009/135307.202:WARNING:kernel_parameter_setter.cc(150)] [KernelParameterSetter] NotifyDoublePinyinSchemeChanged failed, scheme=Sogou status=1
[18140:18328:1009/135307.202:WARNING:t_skinfilemap.cpp(56)] SGRenderLog:CheckUpdate newMem.OpenMem failed, szNewMem:Local\sgime_skin.v11.filemap.sogouime err:系统错误2: 系统找不到指定的文件。  
打开Filemap失败: Local\sgime_skin.v11.filemap.sogouime4912115bad7
[18140:18328:1009/135307.202:WARNING:t_skinfilemap.cpp(65)] SGRenderLog:CheckUpdate finish: old version:1
[18140:18328:1009/135307.202:WARNING:t_skinfilemap.cpp(67)] SGRenderLog:CheckUpdate finish: new version:11
[18140:15116:1009/135307.716:WARNING:n_flashIPCUtil.cpp(124)] n_flashIPCUtil::IPCNSync t_flashStubImpl::CreateControl
[18140:18328:1009/135307.720:WARNING:kernel_parameter_setter.cc(150)] [KernelParameterSetter] NotifyDoublePinyinSchemeChanged failed, scheme=Sogou status=1
[18140:18328:1009/135310.521:WARNING:t_skinfilemap.cpp(63)] SGRenderLog:CheckUpdate newMem.OpenMem Suc, szNewMem:Local\sgime_skin_flash2553.v14.filemap.sogouime
[18140:18328:1009/135310.521:WARNING:t_skinfilemap.cpp(65)] SGRenderLog:CheckUpdate finish: old version:1
[18140:18328:1009/135310.521:WARNING:t_skinfilemap.cpp(67)] SGRenderLog:CheckUpdate finish: new version:14
[18140:18328:1009/135310.521:WARNING:t_skinfilemap.cpp(63)] SGRenderLog:CheckUpdate newMem.OpenMem Suc, szNewMem:Local\sgime_skin_flash2553.v14.filemap.sogouime
[18140:18328:1009/135310.521:WARNING:t_skinfilemap.cpp(65)] SGRenderLog:CheckUpdate finish: old version:14
[18140:18328:1009/135310.521:WARNING:t_skinfilemap.cpp(67)] SGRenderLog:CheckUpdate finish: new version:14
[18140:18328:1009/135317.580:WARNING:kernel_parameter_setter.cc(150)] [KernelParameterSetter] NotifyDoublePinyinSchemeChanged failed, scheme=Sogou status=1
[17120:10760:1009/135459.598:WARNING:kernel_parameter_setter.cc(150)] [KernelParameterSetter] NotifyDoublePinyinSchemeChanged failed, scheme=Sogou status=1
[17120:10760:1009/135459.598:WARNING:t_skinfilemap.cpp(56)] SGRenderLog:CheckUpdate newMem.OpenMem failed, szNewMem:Local\sgime_skin.v11.filemap.sogouime err:系统错误2: 系统找不到指定的文件。  
打开Filemap失败: Local\sgime_skin.v11.filemap.sogouime4912115bad7
[17120:10760:1009/135459.598:WARNING:t_skinfilemap.cpp(65)] SGRenderLog:CheckUpdate finish: old version:1
[17120:10760:1009/135459.598:WARNING:t_skinfilemap.cpp(67)] SGRenderLog:CheckUpdate finish: new version:11
[17120:7664:1009/135500.089:WARNING:n_flashIPCUtil.cpp(124)] n_flashIPCUtil::IPCNSync t_flashStubImpl::CreateControl
[17120:10760:1009/135500.092:WARNING:kernel_parameter_setter.cc(150)] [KernelParameterSetter] NotifyDoublePinyinSchemeChanged failed, scheme=Sogou status=1
[17120:10760:1009/135503.208:WARNING:t_skinfilemap.cpp(63)] SGRenderLog:CheckUpdate newMem.OpenMem Suc, szNewMem:Local\sgime_skin_flash2553.v14.filemap.sogouime
[17120:10760:1009/135503.208:WARNING:t_skinfilemap.cpp(65)] SGRenderLog:CheckUpdate finish: old version:1
[17120:10760:1009/135503.208:WARNING:t_skinfilemap.cpp(67)] SGRenderLog:CheckUpdate finish: new version:14
[17120:10760:1009/135503.208:WARNING:t_skinfilemap.cpp(63)] SGRenderLog:CheckUpdate newMem.OpenMem Suc, szNewMem:Local\sgime_skin_flash2553.v14.filemap.sogouime
[17120:10760:1009/135503.208:WARNING:t_skinfilemap.cpp(65)] SGRenderLog:CheckUpdate finish: old version:14
[17120:10760:1009/135503.208:WARNING:t_skinfilemap.cpp(67)] SGRenderLog:CheckUpdate finish: new version:14
[17120:10760:1009/135504.903:WARNING:kernel_parameter_setter.cc(150)] [KernelParameterSetter] NotifyDoublePinyinSchemeChanged failed, scheme=Sogou status=1
[7184:17028:1009/135547.046:WARNING:kernel_parameter_setter.cc(150)] [KernelParameterSetter] NotifyDoublePinyinSchemeChanged failed, scheme=Sogou status=1
[7184:17028:1009/135547.046:WARNING:t_skinfilemap.cpp(56)] SGRenderLog:CheckUpdate newMem.OpenMem failed, szNewMem:Local\sgime_skin.v11.filemap.sogouime err:系统错误2: 系统找不到指定的文件。  
打开Filemap失败: Local\sgime_skin.v11.filemap.sogouime4912115bad7
[7184:17028:1009/135547.046:WARNING:t_skinfilemap.cpp(65)] SGRenderLog:CheckUpdate finish: old version:1
[7184:17028:1009/135547.046:WARNING:t_skinfilemap.cpp(67)] SGRenderLog:CheckUpdate finish: new version:11
[7184:7240:1009/135547.493:WARNING:n_flashIPCUtil.cpp(124)] n_flashIPCUtil::IPCNSync t_flashStubImpl::CreateControl
[7184:17028:1009/135547.497:WARNING:kernel_parameter_setter.cc(150)] [KernelParameterSetter] NotifyDoublePinyinSchemeChanged failed, scheme=Sogou status=1
[7184:17028:1009/135550.393:WARNING:t_skinfilemap.cpp(63)] SGRenderLog:CheckUpdate newMem.OpenMem Suc, szNewMem:Local\sgime_skin_flash2553.v14.filemap.sogouime
[7184:17028:1009/135550.393:WARNING:t_skinfilemap.cpp(65)] SGRenderLog:CheckUpdate finish: old version:1
[7184:17028:1009/135550.393:WARNING:t_skinfilemap.cpp(67)] SGRenderLog:CheckUpdate finish: new version:14
[7184:17028:1009/135550.394:WARNING:t_skinfilemap.cpp(63)] SGRenderLog:CheckUpdate newMem.OpenMem Suc, szNewMem:Local\sgime_skin_flash2553.v14.filemap.sogouime
[7184:17028:1009/135550.394:WARNING:t_skinfilemap.cpp(65)] SGRenderLog:CheckUpdate finish: old version:14
[7184:17028:1009/135550.394:WARNING:t_skinfilemap.cpp(67)] SGRenderLog:CheckUpdate finish: new version:14
[7184:17028:1009/135557.446:WARNING:kernel_parameter_setter.cc(150)] [KernelParameterSetter] NotifyDoublePinyinSchemeChanged failed, scheme=Sogou status=1
[7184:17028:1009/135640.086:WARNING:kernel_parameter_setter.cc(150)] [KernelParameterSetter] NotifyDoublePinyinSchemeChanged failed, scheme=Sogou status=1
[7184:17028:1009/135640.086:WARNING:t_skinfilemap.cpp(56)] SGRenderLog:CheckUpdate newMem.OpenMem failed, szNewMem:Local\sgime_skin.v12.filemap.sogouime err:系统错误2: 系统找不到指定的文件。  
打开Filemap失败: Local\sgime_skin.v12.filemap.sogouime4912115bad7
[7184:17028:1009/135640.086:WARNING:t_skinfilemap.cpp(65)] SGRenderLog:CheckUpdate finish: old version:11
[7184:17028:1009/135640.086:WARNING:t_skinfilemap.cpp(67)] SGRenderLog:CheckUpdate finish: new version:12
[7184:7240:1009/135640.451:WARNING:n_flashIPCUtil.cpp(124)] n_flashIPCUtil::IPCNSync t_flashStubImpl::CreateControl
[7184:7240:1009/135640.451:WARNING:n_flashIPCUtil.cpp(78)] n_flashIPCUtil::SetFlashFailed(true)
[7184:17028:1009/135640.519:WARNING:t_skinfilemap.cpp(63)] SGRenderLog:CheckUpdate newMem.OpenMem Suc, szNewMem:Local\sgime_skin_flash2553.v16.filemap.sogouime
[7184:17028:1009/135640.519:WARNING:t_skinfilemap.cpp(65)] SGRenderLog:CheckUpdate finish: old version:14
[7184:17028:1009/135640.519:WARNING:t_skinfilemap.cpp(67)] SGRenderLog:CheckUpdate finish: new version:16
[7184:17028:1009/135640.519:WARNING:t_skinfilemap.cpp(63)] SGRenderLog:CheckUpdate newMem.OpenMem Suc, szNewMem:Local\sgime_skin_flash2553.v16.filemap.sogouime
[7184:17028:1009/135640.519:WARNING:t_skinfilemap.cpp(65)] SGRenderLog:CheckUpdate finish: old version:16
[7184:17028:1009/135640.519:WARNING:t_skinfilemap.cpp(67)] SGRenderLog:CheckUpdate finish: new version:16
[7184:7240:1009/135640.930:WARNING:n_flashIPCUtil.cpp(124)] n_flashIPCUtil::IPCNSync t_flashStubImpl::CreateControl
[7184:17028:1009/135641.323:WARNING:t_skinfilemap.cpp(63)] SGRenderLog:CheckUpdate newMem.OpenMem Suc, szNewMem:Local\sgime_skin_flash2553.v17.filemap.sogouime
[7184:17028:1009/135641.323:WARNING:t_skinfilemap.cpp(65)] SGRenderLog:CheckUpdate finish: old version:16
[7184:17028:1009/135641.323:WARNING:t_skinfilemap.cpp(67)] SGRenderLog:CheckUpdate finish: new version:17
[7184:17028:1009/135641.323:WARNING:t_skinfilemap.cpp(63)] SGRenderLog:CheckUpdate newMem.OpenMem Suc, szNewMem:Local\sgime_skin_flash2553.v17.filemap.sogouime
[7184:17028:1009/135641.323:WARNING:t_skinfilemap.cpp(65)] SGRenderLog:CheckUpdate finish: old version:17
[7184:17028:1009/135641.323:WARNING:t_skinfilemap.cpp(67)] SGRenderLog:CheckUpdate finish: new version:17
[7184:17028:1009/135644.100:WARNING:kernel_parameter_setter.cc(150)] [KernelParameterSetter] NotifyDoublePinyinSchemeChanged failed, scheme=Sogou status=1
[14976:1056:1009/135731.382:WARNING:kernel_parameter_setter.cc(150)] [KernelParameterSetter] NotifyDoublePinyinSchemeChanged failed, scheme=Sogou status=1
[14976:1056:1009/135731.382:WARNING:t_skinfilemap.cpp(56)] SGRenderLog:CheckUpdate newMem.OpenMem failed, szNewMem:Local\sgime_skin.v12.filemap.sogouime err:系统错误2: 系统找不到指定的文件。  
打开Filemap失败: Local\sgime_skin.v12.filemap.sogouime4912115bad7
[14976:1056:1009/135731.382:WARNING:t_skinfilemap.cpp(65)] SGRenderLog:CheckUpdate finish: old version:1
[14976:1056:1009/135731.382:WARNING:t_skinfilemap.cpp(67)] SGRenderLog:CheckUpdate finish: new version:12
[14976:1056:1009/135731.851:WARNING:kernel_parameter_setter.cc(150)] [KernelParameterSetter] NotifyDoublePinyinSchemeChanged failed, scheme=Sogou status=1
[14976:1056:1009/135733.967:WARNING:t_skinfilemap.cpp(56)] SGRenderLog:CheckUpdate newMem.OpenMem failed, szNewMem:Local\sgime_skin_flash2553.v17.filemap.sogouime err:系统错误2: 系统找不到指定的文件。  
打开Filemap失败: Local\sgime_skin_flash2553.v17.filemap.sogouime115bad7
[14976:1056:1009/135733.967:WARNING:t_skinfilemap.cpp(65)] SGRenderLog:CheckUpdate finish: old version:1
[14976:1056:1009/135733.967:WARNING:t_skinfilemap.cpp(67)] SGRenderLog:CheckUpdate finish: new version:17
[14976:1056:1009/135733.967:WARNING:t_skinfilemap.cpp(56)] SGRenderLog:CheckUpdate newMem.OpenMem failed, szNewMem:Local\sgime_skin_flash2553.v17.filemap.sogouime err:系统错误2: 系统找不到指定的文件。  
打开Filemap失败: Local\sgime_skin_flash2553.v17.filemap.sogouime115bad7
[14976:1056:1009/135733.967:WARNING:t_skinfilemap.cpp(65)] SGRenderLog:CheckUpdate finish: old version:17
[14976:1056:1009/135733.967:WARNING:t_skinfilemap.cpp(67)] SGRenderLog:CheckUpdate finish: new version:17
[14976:1056:1009/135733.967:WARNING:t_skinfilemap.cpp(100)] SGRenderLog:GetBasePtr_Direct m_mem uninit
[14976:1056:1009/135733.970:WARNING:t_skinfilemap.cpp(100)] SGRenderLog:GetBasePtr_Direct m_mem uninit
[14976:12504:1009/135734.844:WARNING:n_flashIPCUtil.cpp(107)] n_flashIPCUtil::ConnectServer can not connect
[14976:12504:1009/135734.844:WARNING:n_flashIPCUtil.cpp(135)] n_flashIPCUtil::IPCNSync ConnectServer=-1
[14976:12504:1009/135737.850:WARNING:n_flashIPCUtil.cpp(107)] n_flashIPCUtil::ConnectServer can not connect
[14976:12504:1009/135737.850:WARNING:n_flashIPCUtil.cpp(135)] n_flashIPCUtil::IPCNSync ConnectServer=-1
[14976:12504:1009/135740.857:WARNING:n_flashIPCUtil.cpp(107)] n_flashIPCUtil::ConnectServer can not connect
[14976:12504:1009/135740.857:WARNING:n_flashIPCUtil.cpp(135)] n_flashIPCUtil::IPCNSync ConnectServer=-1
[14976:1056:1009/135741.385:WARNING:t_skinfilemap.cpp(100)] SGRenderLog:GetBasePtr_Direct m_mem uninit
[14976:12504:1009/135743.866:WARNING:n_flashIPCUtil.cpp(107)] n_flashIPCUtil::ConnectServer can not connect
[14976:12504:1009/135743.866:WARNING:n_flashIPCUtil.cpp(135)] n_flashIPCUtil::IPCNSync ConnectServer=-1
[14976:12504:1009/135743.866:WARNING:n_flashIPCUtil.cpp(124)] n_flashIPCUtil::IPCNSync t_flashStubImpl::CreateControl
[14976:12504:1009/135743.866:WARNING:n_flashIPCUtil.cpp(78)] n_flashIPCUtil::SetFlashFailed(true)
[14976:12504:1009/135744.317:WARNING:n_flashIPCUtil.cpp(124)] n_flashIPCUtil::IPCNSync t_flashStubImpl::CreateControl
[14976:12504:1009/135744.317:WARNING:n_flashIPCUtil.cpp(127)] n_flashIPCUtil::IPCNSync t_flashStubImpl::IsFlashFailed
[14976:1056:1009/135744.393:WARNING:t_skinfilemap.cpp(63)] SGRenderLog:CheckUpdate newMem.OpenMem Suc, szNewMem:Local\sgime_skin_flash2553.v18.filemap.sogouime
[14976:1056:1009/135744.393:WARNING:t_skinfilemap.cpp(65)] SGRenderLog:CheckUpdate finish: old version:17
[14976:1056:1009/135744.393:WARNING:t_skinfilemap.cpp(67)] SGRenderLog:CheckUpdate finish: new version:18
[14976:1056:1009/135744.393:WARNING:t_skinfilemap.cpp(63)] SGRenderLog:CheckUpdate newMem.OpenMem Suc, szNewMem:Local\sgime_skin_flash2553.v18.filemap.sogouime
[14976:1056:1009/135744.393:WARNING:t_skinfilemap.cpp(65)] SGRenderLog:CheckUpdate finish: old version:18
[14976:1056:1009/135744.393:WARNING:t_skinfilemap.cpp(67)] SGRenderLog:CheckUpdate finish: new version:18
[14976:1056:1009/135750.341:WARNING:kernel_parameter_setter.cc(150)] [KernelParameterSetter] NotifyDoublePinyinSchemeChanged failed, scheme=Sogou status=1
[14976:1056:1009/135750.350:WARNING:kernel_parameter_setter.cc(150)] [KernelParameterSetter] NotifyDoublePinyinSchemeChanged failed, scheme=Sogou status=1
[14976:1056:1009/135802.352:WARNING:kernel_parameter_setter.cc(150)] [KernelParameterSetter] NotifyDoublePinyinSchemeChanged failed, scheme=Sogou status=1
[12820:18124:1009/140602.904:WARNING:kernel_parameter_setter.cc(150)] [KernelParameterSetter] NotifyDoublePinyinSchemeChanged failed, scheme=Sogou status=1
[12820:18124:1009/140602.904:WARNING:t_skinfilemap.cpp(56)] SGRenderLog:CheckUpdate newMem.OpenMem failed, szNewMem:Local\sgime_skin.v13.filemap.sogouime err:系统错误2: 系统找不到指定的文件。  
打开Filemap失败: Local\sgime_skin.v13.filemap.sogouime4912115bad7
[12820:18124:1009/140602.904:WARNING:t_skinfilemap.cpp(65)] SGRenderLog:CheckUpdate finish: old version:1
[12820:18124:1009/140602.904:WARNING:t_skinfilemap.cpp(67)] SGRenderLog:CheckUpdate finish: new version:13
[12820:1532:1009/140603.431:WARNING:n_flashIPCUtil.cpp(124)] n_flashIPCUtil::IPCNSync t_flashStubImpl::CreateControl
[12820:18124:1009/140603.435:WARNING:kernel_parameter_setter.cc(150)] [KernelParameterSetter] NotifyDoublePinyinSchemeChanged failed, scheme=Sogou status=1
[12820:18124:1009/140606.778:WARNING:t_skinfilemap.cpp(63)] SGRenderLog:CheckUpdate newMem.OpenMem Suc, szNewMem:Local\sgime_skin_flash2553.v20.filemap.sogouime
[12820:18124:1009/140606.778:WARNING:t_skinfilemap.cpp(65)] SGRenderLog:CheckUpdate finish: old version:1
[12820:18124:1009/140606.778:WARNING:t_skinfilemap.cpp(67)] SGRenderLog:CheckUpdate finish: new version:20
[12820:18124:1009/140606.778:WARNING:t_skinfilemap.cpp(63)] SGRenderLog:CheckUpdate newMem.OpenMem Suc, szNewMem:Local\sgime_skin_flash2553.v20.filemap.sogouime
[12820:18124:1009/140606.778:WARNING:t_skinfilemap.cpp(65)] SGRenderLog:CheckUpdate finish: old version:20
[12820:18124:1009/140606.778:WARNING:t_skinfilemap.cpp(67)] SGRenderLog:CheckUpdate finish: new version:20
[12820:18124:1009/140616.268:WARNING:kernel_parameter_setter.cc(150)] [KernelParameterSetter] NotifyDoublePinyinSchemeChanged failed, scheme=Sogou status=1
